{
    "Testing workflow - Should run without fails": {
        "content": [
            {
                "stderr": [
                    
                ],
                "errorReport": "",
                "exitStatus": 0,
                "failed": false,
                "stdout": [
                    "",
                    "Pipeline completed at: 2024-05-06T07:56:14.928664372Z",
                    "Execution status: OK",
                    "Execution duration: 9m 50s",
                    "Thank you for using fmalmeida/ngs-preprocess pipeline!"
                ],
                "errorMessage": "",
                "trace": {
                    "tasksFailed": 0,
                    "tasksCount": 12,
                    "tasksSucceeded": 12
                },
                "name": "workflow",
                "success": true
            },
            [
                [
                    "SRR19901041.filtered.fq.gz:md5,1d7a8e18db3b1f7ac0bfc1f5cf1daddf"
                ],
                [
                    "ERR7339227.filtered.fq.gz:md5,d41d8cd98f00b204e9800998ecf8427e"
                ],
                [
                    "ERR9850226_R1.preprocessed.fq.gz:md5,69f8bd550fbf99d81f4a110734f4803a",
                    "ERR9850226_R2.preprocessed.fq.gz:md5,7543436f1614ae814337a9b123d26376"
                ]
            ]
        ],
        "meta": {
            "nf-test": "0.8.4",
            "nextflow": "23.10.1"
        },
        "timestamp": "2024-05-06T07:56:15.500768292"
    }
}